      Asset       Size  Chunks             Chunk Names
  bundle.js    4.72 kB       0  [emitted]  main
1.bundle.js  204 bytes       1  [emitted]  
chunk    {0} bundle.js (main) 989 bytes [rendered]
    [0] ./.test/es6codeSplitting/app.ts 943 bytes {0} [built]
    [1] ./.test/es6codeSplitting/a.ts 23 bytes {0} [built]
    [2] ./.test/es6codeSplitting/b.ts 23 bytes {0} [built]
chunk    {1} 1.bundle.js 46 bytes {0} [rendered]
    [3] ./.test/es6codeSplitting/c.ts 23 bytes {1} [built]
    [4] ./.test/es6codeSplitting/d.ts 23 bytes {1} [built]