Hash: 30c1b91f7e664b911536
    Asset     Size  Chunks             Chunk Names
bundle.js  1.44 kB       0  [emitted]  main
chunk    {0} bundle.js (main) 55 bytes [rendered]
    [0] ./.test/node/app.ts 55 bytes {0} [built]