
ERROR in tsconfig.json
[31mArgument for '--target' option must be 'ES3', 'ES5', or 'ES6'.[39m

ERROR in tsconfig.json
[31mCompiler option 'sourceMap' requires a value of type boolean.[39m

ERROR in ./.test/tsconfigInvalid/app.ts
Module build failed: [31merror while parsing tsconfig.json[39m